Archive member included to satisfy reference by file (symbol)

c:/msys64/mingw64/bin/../lib/gcc/avr/12.2.0/avr5\libgcc.a(_exit.o)
                              c:/msys64/mingw64/bin/../lib/gcc/avr/12.2.0/../../../../avr/lib/avr5/crtatmega328p.o (exit)
c:/msys64/mingw64/bin/../lib/gcc/avr/12.2.0/avr5\libgcc.a(_copy_data.o)
                              main.o (__do_copy_data)
c:/msys64/mingw64/bin/../lib/gcc/avr/12.2.0/avr5\libgcc.a(_clear_bss.o)
                              components\config.o (__do_clear_bss)
c:/msys64/mingw64/bin/../lib/gcc/avr/12.2.0/../../../../avr/lib/avr5\libc.a(memcpy.o)
                              FreeRTOS\queue.o (memcpy)
c:/msys64/mingw64/bin/../lib/gcc/avr/12.2.0/../../../../avr/lib/avr5\libc.a(iob.o)
                              components\usart.o (__iob)
c:/msys64/mingw64/bin/../lib/gcc/avr/12.2.0/../../../../avr/lib/avr5\libc.a(puts.o)
                              main.o (puts)

Allocating common symbols
Common symbol       size              file

__iob               0x6               c:/msys64/mingw64/bin/../lib/gcc/avr/12.2.0/../../../../avr/lib/avr5\libc.a(iob.o)

Memory Configuration

Name             Origin             Length             Attributes
text             0x0000000000000000 0x0000000000020000 xr
data             0x0000000000800060 0x000000000000ffa0 rw !x
eeprom           0x0000000000810000 0x0000000000010000 rw !x
fuse             0x0000000000820000 0x0000000000000003 rw !x
lock             0x0000000000830000 0x0000000000000400 rw !x
signature        0x0000000000840000 0x0000000000000400 rw !x
user_signatures  0x0000000000850000 0x0000000000000400 rw !x
*default*        0x0000000000000000 0xffffffffffffffff

Linker script and memory map

Address of section .data set to 0x800100
LOAD c:/msys64/mingw64/bin/../lib/gcc/avr/12.2.0/../../../../avr/lib/avr5/crtatmega328p.o
LOAD main.o
LOAD components\usart.o
LOAD components\config.o
LOAD FreeRTOS\tasks.o
LOAD FreeRTOS\queue.o
LOAD FreeRTOS\list.o
LOAD FreeRTOS\port.o
LOAD FreeRTOS\heap_1.o
START GROUP
LOAD c:/msys64/mingw64/bin/../lib/gcc/avr/12.2.0/avr5\libgcc.a
LOAD c:/msys64/mingw64/bin/../lib/gcc/avr/12.2.0/../../../../avr/lib/avr5\libm.a
LOAD c:/msys64/mingw64/bin/../lib/gcc/avr/12.2.0/../../../../avr/lib/avr5\libc.a
LOAD c:/msys64/mingw64/bin/../lib/gcc/avr/12.2.0/../../../../avr/lib/avr5\libatmega328p.a
END GROUP
                0x0000000000020000                __TEXT_REGION_LENGTH__ = DEFINED (__TEXT_REGION_LENGTH__)?__TEXT_REGION_LENGTH__:0x20000
                0x000000000000ffa0                __DATA_REGION_LENGTH__ = DEFINED (__DATA_REGION_LENGTH__)?__DATA_REGION_LENGTH__:0xffa0
                0x0000000000010000                __EEPROM_REGION_LENGTH__ = DEFINED (__EEPROM_REGION_LENGTH__)?__EEPROM_REGION_LENGTH__:0x10000
                [0x0000000000000003]                __FUSE_REGION_LENGTH__ = DEFINED (__FUSE_REGION_LENGTH__)?__FUSE_REGION_LENGTH__:0x400
                0x0000000000000400                __LOCK_REGION_LENGTH__ = DEFINED (__LOCK_REGION_LENGTH__)?__LOCK_REGION_LENGTH__:0x400
                0x0000000000000400                __SIGNATURE_REGION_LENGTH__ = DEFINED (__SIGNATURE_REGION_LENGTH__)?__SIGNATURE_REGION_LENGTH__:0x400
                0x0000000000000400                __USER_SIGNATURE_REGION_LENGTH__ = DEFINED (__USER_SIGNATURE_REGION_LENGTH__)?__USER_SIGNATURE_REGION_LENGTH__:0x400

.hash
 *(.hash)

.dynsym
 *(.dynsym)

.dynstr
 *(.dynstr)

.gnu.version
 *(.gnu.version)

.gnu.version_d
 *(.gnu.version_d)

.gnu.version_r
 *(.gnu.version_r)

.rel.init
 *(.rel.init)

.rela.init
 *(.rela.init)

.rel.text
 *(.rel.text)
 *(.rel.text.*)
 *(.rel.gnu.linkonce.t*)

.rela.text
 *(.rela.text)
 *(.rela.text.*)
 *(.rela.gnu.linkonce.t*)

.rel.fini
 *(.rel.fini)

.rela.fini
 *(.rela.fini)

.rel.rodata
 *(.rel.rodata)
 *(.rel.rodata.*)
 *(.rel.gnu.linkonce.r*)

.rela.rodata
 *(.rela.rodata)
 *(.rela.rodata.*)
 *(.rela.gnu.linkonce.r*)

.rel.data
 *(.rel.data)
 *(.rel.data.*)
 *(.rel.gnu.linkonce.d*)

.rela.data
 *(.rela.data)
 *(.rela.data.*)
 *(.rela.gnu.linkonce.d*)

.rel.ctors
 *(.rel.ctors)

.rela.ctors
 *(.rela.ctors)

.rel.dtors
 *(.rel.dtors)

.rela.dtors
 *(.rela.dtors)

.rel.got
 *(.rel.got)

.rela.got
 *(.rela.got)

.rel.bss
 *(.rel.bss)

.rela.bss
 *(.rela.bss)

.rel.plt
 *(.rel.plt)

.rela.plt
 *(.rela.plt)

.text           0x0000000000000000     0x28ec
 *(.vectors)
 .vectors       0x0000000000000000       0x68 c:/msys64/mingw64/bin/../lib/gcc/avr/12.2.0/../../../../avr/lib/avr5/crtatmega328p.o
                0x0000000000000000                __vector_default
                0x0000000000000000                __vectors
 *(.vectors)
 *(.progmem.gcc*)
                0x0000000000000068                . = ALIGN (0x2)
                0x0000000000000068                __trampolines_start = .
 *(.trampolines)
 .trampolines   0x0000000000000068        0x0 linker stubs
 *(.trampolines*)
                0x0000000000000068                __trampolines_end = .
 *libprintf_flt.a:*(.progmem.data)
 *libc.a:*(.progmem.data)
 *(.progmem.*)
                0x0000000000000068                . = ALIGN (0x2)
 *(.lowtext)
 *(.lowtext*)
                0x0000000000000068                __ctors_start = .
 *(.ctors)
                0x0000000000000068                __ctors_end = .
                0x0000000000000068                __dtors_start = .
 *(.dtors)
                0x0000000000000068                __dtors_end = .
 SORT_BY_NAME(*)(.ctors)
 SORT_BY_NAME(*)(.dtors)
 *(.init0)
 .init0         0x0000000000000068        0x0 c:/msys64/mingw64/bin/../lib/gcc/avr/12.2.0/../../../../avr/lib/avr5/crtatmega328p.o
                0x0000000000000068                __init
 *(.init0)
 *(.init1)
 *(.init1)
 *(.init2)
 .init2         0x0000000000000068        0xc c:/msys64/mingw64/bin/../lib/gcc/avr/12.2.0/../../../../avr/lib/avr5/crtatmega328p.o
 *(.init2)
 *(.init3)
 *(.init3)
 *(.init4)
 .init4         0x0000000000000074       0x16 c:/msys64/mingw64/bin/../lib/gcc/avr/12.2.0/avr5\libgcc.a(_copy_data.o)
                0x0000000000000074                __do_copy_data
 .init4         0x000000000000008a       0x10 c:/msys64/mingw64/bin/../lib/gcc/avr/12.2.0/avr5\libgcc.a(_clear_bss.o)
                0x000000000000008a                __do_clear_bss
 *(.init4)
 *(.init5)
 *(.init5)
 *(.init6)
 *(.init6)
 *(.init7)
 *(.init7)
 *(.init8)
 *(.init8)
 *(.init9)
 .init9         0x000000000000009a        0x8 c:/msys64/mingw64/bin/../lib/gcc/avr/12.2.0/../../../../avr/lib/avr5/crtatmega328p.o
 *(.init9)
 *(.text)
 .text          0x00000000000000a2        0x4 c:/msys64/mingw64/bin/../lib/gcc/avr/12.2.0/../../../../avr/lib/avr5/crtatmega328p.o
                0x00000000000000a2                __vector_22
                0x00000000000000a2                __vector_1
                0x00000000000000a2                __vector_24
                0x00000000000000a2                __vector_12
                0x00000000000000a2                __bad_interrupt
                0x00000000000000a2                __vector_6
                0x00000000000000a2                __vector_3
                0x00000000000000a2                __vector_23
                0x00000000000000a2                __vector_25
                0x00000000000000a2                __vector_11
                0x00000000000000a2                __vector_13
                0x00000000000000a2                __vector_17
                0x00000000000000a2                __vector_19
                0x00000000000000a2                __vector_7
                0x00000000000000a2                __vector_5
                0x00000000000000a2                __vector_4
                0x00000000000000a2                __vector_9
                0x00000000000000a2                __vector_2
                0x00000000000000a2                __vector_21
                0x00000000000000a2                __vector_15
                0x00000000000000a2                __vector_8
                0x00000000000000a2                __vector_10
                0x00000000000000a2                __vector_16
                0x00000000000000a2                __vector_18
                0x00000000000000a2                __vector_20
 .text          0x00000000000000a6       0x78 main.o
                0x00000000000000ce                vApplicationIdleHook
                0x00000000000000d0                main
 .text          0x000000000000011e       0xac components\usart.o
                0x000000000000011e                usart_printf
                0x0000000000000144                usart_init
                0x0000000000000186                usart_transmit_byte
                0x0000000000000196                usart_transmit_data
 .text          0x00000000000001ca       0x2c components\config.o
                0x00000000000001ca                led_init
                0x00000000000001d0                led_togle
                0x00000000000001da                global_interrupts_init
                0x00000000000001e4                interrupts_cli
                0x00000000000001ee                interrupts_sei
 .text          0x00000000000001f6     0x187e FreeRTOS\tasks.o
                0x000000000000032c                xTaskCreate
                0x0000000000000580                vTaskDelete
                0x0000000000000640                vTaskStartScheduler
                0x000000000000069a                vTaskEndScheduler
                0x00000000000006a6                vTaskSuspendAll
                0x00000000000006b2                xTaskGetTickCount
                0x00000000000006c6                xTaskGetTickCountFromISR
                0x00000000000006d0                uxTaskGetNumberOfTasks
                0x00000000000006d6                pcTaskGetName
                0x00000000000006f0                xTaskIncrementTick
                0x000000000000093e                xTaskResumeAll
                0x0000000000000b10                xTaskDelayUntil
                0x0000000000000b9e                vTaskDelay
                0x0000000000000bc8                xTaskCatchUpTicks
                0x0000000000000bfc                vTaskSwitchContext
                0x0000000000000cc8                vTaskPlaceOnEventList
                0x0000000000000cf0                vTaskPlaceOnUnorderedEventList
                0x0000000000000d7e                xTaskRemoveFromEventList
                0x0000000000000efc                vTaskRemoveFromUnorderedEventList
                0x0000000000001052                vTaskSetTimeOutState
                0x0000000000001074                vTaskInternalSetTimeOutState
                0x000000000000108c                xTaskCheckForTimeOut
                0x00000000000010f2                vTaskMissedYield
                0x00000000000010fa                xTaskGetCurrentTaskHandle
                0x0000000000001104                uxTaskResetEventItemValue
                0x0000000000001132                ulTaskGenericNotifyTake
                0x0000000000001262                xTaskGenericNotifyWait
                0x00000000000013c8                xTaskGenericNotify
                0x00000000000015dc                xTaskGenericNotifyFromISR
                0x0000000000001832                vTaskGenericNotifyGiveFromISR
                0x00000000000019ba                xTaskGenericNotifyStateClear
                0x00000000000019f0                ulTaskGenericNotifyValueClear
 .text          0x0000000000001a74      0x982 FreeRTOS\queue.o
                0x0000000000001bfa                xQueueGenericReset
                0x0000000000001c8a                xQueueGenericCreate
                0x0000000000001cd8                xQueueGenericSend
                0x0000000000001e38                xQueueGenericSendFromISR
                0x0000000000001eb4                xQueueGiveFromISR
                0x0000000000001f26                xQueueReceive
                0x0000000000002074                xQueueSemaphoreTake
                0x00000000000021a8                xQueuePeek
                0x00000000000022f8                xQueueReceiveFromISR
                0x0000000000002372                xQueuePeekFromISR
                0x00000000000023a2                uxQueueMessagesWaiting
                0x00000000000023b4                uxQueueSpacesAvailable
                0x00000000000023ca                uxQueueMessagesWaitingFromISR
                0x00000000000023d2                vQueueDelete
                0x00000000000023d8                xQueueIsQueueEmptyFromISR
                0x00000000000023e6                xQueueIsQueueFullFromISR
 .text          0x00000000000023f6      0x120 FreeRTOS\list.o
                0x00000000000023f6                vListInitialise
                0x0000000000002416                vListInitialiseItem
                0x000000000000241e                vListInsertEnd
                0x0000000000002462                vListInsert
                0x00000000000024c4                uxListRemove
 .text          0x0000000000002516      0x2ce FreeRTOS\port.o
                0x0000000000002516                pxPortInitialiseStack
                0x00000000000025f4                xPortStartScheduler
                0x0000000000002672                vPortEndScheduler
                0x0000000000002674                vPortYield
                0x0000000000002726                vPortYieldFromTick
                0x00000000000027de                __vector_14
 .text          0x00000000000027e4       0x9a FreeRTOS\heap_1.o
                0x00000000000027e4                pvPortMalloc
                0x000000000000285c                vPortFree
                0x000000000000285e                vPortInitialiseBlocks
                0x0000000000002868                xPortGetFreeHeapSize
 .text          0x000000000000287e        0x0 c:/msys64/mingw64/bin/../lib/gcc/avr/12.2.0/avr5\libgcc.a(_exit.o)
 .text          0x000000000000287e        0x0 c:/msys64/mingw64/bin/../lib/gcc/avr/12.2.0/avr5\libgcc.a(_copy_data.o)
 .text          0x000000000000287e        0x0 c:/msys64/mingw64/bin/../lib/gcc/avr/12.2.0/avr5\libgcc.a(_clear_bss.o)
 .text          0x000000000000287e        0x0 c:/msys64/mingw64/bin/../lib/gcc/avr/12.2.0/../../../../avr/lib/avr5\libc.a(memcpy.o)
 .text          0x000000000000287e        0x0 c:/msys64/mingw64/bin/../lib/gcc/avr/12.2.0/../../../../avr/lib/avr5\libc.a(iob.o)
 .text          0x000000000000287e        0x0 c:/msys64/mingw64/bin/../lib/gcc/avr/12.2.0/../../../../avr/lib/avr5\libc.a(puts.o)
                0x000000000000287e                . = ALIGN (0x2)
 *(.text.*)
 .text.libgcc.mul
                0x000000000000287e        0x0 c:/msys64/mingw64/bin/../lib/gcc/avr/12.2.0/avr5\libgcc.a(_exit.o)
 .text.libgcc.div
                0x000000000000287e        0x0 c:/msys64/mingw64/bin/../lib/gcc/avr/12.2.0/avr5\libgcc.a(_exit.o)
 .text.libgcc   0x000000000000287e        0x0 c:/msys64/mingw64/bin/../lib/gcc/avr/12.2.0/avr5\libgcc.a(_exit.o)
 .text.libgcc.prologue
                0x000000000000287e        0x0 c:/msys64/mingw64/bin/../lib/gcc/avr/12.2.0/avr5\libgcc.a(_exit.o)
 .text.libgcc.builtins
                0x000000000000287e        0x0 c:/msys64/mingw64/bin/../lib/gcc/avr/12.2.0/avr5\libgcc.a(_exit.o)
 .text.libgcc.fmul
                0x000000000000287e        0x0 c:/msys64/mingw64/bin/../lib/gcc/avr/12.2.0/avr5\libgcc.a(_exit.o)
 .text.libgcc.fixed
                0x000000000000287e        0x0 c:/msys64/mingw64/bin/../lib/gcc/avr/12.2.0/avr5\libgcc.a(_exit.o)
 .text.libgcc.mul
                0x000000000000287e        0x0 c:/msys64/mingw64/bin/../lib/gcc/avr/12.2.0/avr5\libgcc.a(_copy_data.o)
 .text.libgcc.div
                0x000000000000287e        0x0 c:/msys64/mingw64/bin/../lib/gcc/avr/12.2.0/avr5\libgcc.a(_copy_data.o)
 .text.libgcc   0x000000000000287e        0x0 c:/msys64/mingw64/bin/../lib/gcc/avr/12.2.0/avr5\libgcc.a(_copy_data.o)
 .text.libgcc.prologue
                0x000000000000287e        0x0 c:/msys64/mingw64/bin/../lib/gcc/avr/12.2.0/avr5\libgcc.a(_copy_data.o)
 .text.libgcc.builtins
                0x000000000000287e        0x0 c:/msys64/mingw64/bin/../lib/gcc/avr/12.2.0/avr5\libgcc.a(_copy_data.o)
 .text.libgcc.fmul
                0x000000000000287e        0x0 c:/msys64/mingw64/bin/../lib/gcc/avr/12.2.0/avr5\libgcc.a(_copy_data.o)
 .text.libgcc.fixed
                0x000000000000287e        0x0 c:/msys64/mingw64/bin/../lib/gcc/avr/12.2.0/avr5\libgcc.a(_copy_data.o)
 .text.libgcc.mul
                0x000000000000287e        0x0 c:/msys64/mingw64/bin/../lib/gcc/avr/12.2.0/avr5\libgcc.a(_clear_bss.o)
 .text.libgcc.div
                0x000000000000287e        0x0 c:/msys64/mingw64/bin/../lib/gcc/avr/12.2.0/avr5\libgcc.a(_clear_bss.o)
 .text.libgcc   0x000000000000287e        0x0 c:/msys64/mingw64/bin/../lib/gcc/avr/12.2.0/avr5\libgcc.a(_clear_bss.o)
 .text.libgcc.prologue
                0x000000000000287e        0x0 c:/msys64/mingw64/bin/../lib/gcc/avr/12.2.0/avr5\libgcc.a(_clear_bss.o)
 .text.libgcc.builtins
                0x000000000000287e        0x0 c:/msys64/mingw64/bin/../lib/gcc/avr/12.2.0/avr5\libgcc.a(_clear_bss.o)
 .text.libgcc.fmul
                0x000000000000287e        0x0 c:/msys64/mingw64/bin/../lib/gcc/avr/12.2.0/avr5\libgcc.a(_clear_bss.o)
 .text.libgcc.fixed
                0x000000000000287e        0x0 c:/msys64/mingw64/bin/../lib/gcc/avr/12.2.0/avr5\libgcc.a(_clear_bss.o)
 .text.avr-libc
                0x000000000000287e       0x12 c:/msys64/mingw64/bin/../lib/gcc/avr/12.2.0/../../../../avr/lib/avr5\libc.a(memcpy.o)
                0x000000000000287e                memcpy
 .text.avr-libc
                0x0000000000002890       0x58 c:/msys64/mingw64/bin/../lib/gcc/avr/12.2.0/../../../../avr/lib/avr5\libc.a(puts.o)
                0x0000000000002890                puts
                0x00000000000028e8                . = ALIGN (0x2)
 *(.fini9)
 .fini9         0x00000000000028e8        0x0 c:/msys64/mingw64/bin/../lib/gcc/avr/12.2.0/avr5\libgcc.a(_exit.o)
                0x00000000000028e8                _exit
                0x00000000000028e8                exit
 *(.fini9)
 *(.fini8)
 *(.fini8)
 *(.fini7)
 *(.fini7)
 *(.fini6)
 *(.fini6)
 *(.fini5)
 *(.fini5)
 *(.fini4)
 *(.fini4)
 *(.fini3)
 *(.fini3)
 *(.fini2)
 *(.fini2)
 *(.fini1)
 *(.fini1)
 *(.fini0)
 .fini0         0x00000000000028e8        0x4 c:/msys64/mingw64/bin/../lib/gcc/avr/12.2.0/avr5\libgcc.a(_exit.o)
 *(.fini0)
 *(.hightext)
 *(.hightext*)
 *(.progmemx.*)
                0x00000000000028ec                . = ALIGN (0x2)
 *(.jumptables)
 *(.jumptables*)
                0x00000000000028ec                _etext = .

.data           0x0000000000800100       0x3e load address 0x00000000000028ec
                0x0000000000800100                PROVIDE (__data_start = .)
 *(.data)
 .data          0x0000000000800100        0x0 c:/msys64/mingw64/bin/../lib/gcc/avr/12.2.0/../../../../avr/lib/avr5/crtatmega328p.o
 .data          0x0000000000800100        0x0 main.o
 .data          0x0000000000800100        0xe components\usart.o
 .data          0x000000000080010e        0x0 components\config.o
 .data          0x000000000080010e        0x1 FreeRTOS\tasks.o
                0x000000000080010e                uxTopUsedPriority
 .data          0x000000000080010f        0x0 FreeRTOS\queue.o
 .data          0x000000000080010f        0x0 FreeRTOS\list.o
 .data          0x000000000080010f        0x0 FreeRTOS\port.o
 .data          0x000000000080010f        0x0 FreeRTOS\heap_1.o
 .data          0x000000000080010f        0x0 c:/msys64/mingw64/bin/../lib/gcc/avr/12.2.0/avr5\libgcc.a(_exit.o)
 .data          0x000000000080010f        0x0 c:/msys64/mingw64/bin/../lib/gcc/avr/12.2.0/avr5\libgcc.a(_copy_data.o)
 .data          0x000000000080010f        0x0 c:/msys64/mingw64/bin/../lib/gcc/avr/12.2.0/avr5\libgcc.a(_clear_bss.o)
 .data          0x000000000080010f        0x0 c:/msys64/mingw64/bin/../lib/gcc/avr/12.2.0/../../../../avr/lib/avr5\libc.a(memcpy.o)
 .data          0x000000000080010f        0x0 c:/msys64/mingw64/bin/../lib/gcc/avr/12.2.0/../../../../avr/lib/avr5\libc.a(iob.o)
 .data          0x000000000080010f        0x0 c:/msys64/mingw64/bin/../lib/gcc/avr/12.2.0/../../../../avr/lib/avr5\libc.a(puts.o)
 *(.data*)
 *(.gnu.linkonce.d*)
 *(.rodata)
 *(.rodata*)
 .rodata.str1.1
                0x000000000080010f       0x29 main.o
 .rodata.str1.1
                0x0000000000800138        0x5 FreeRTOS\tasks.o
 *(.gnu.linkonce.r*)
                0x000000000080013e                . = ALIGN (0x2)
 *fill*         0x000000000080013d        0x1 
                0x000000000080013e                _edata = .
                0x000000000080013e                PROVIDE (__data_end = .)

.bss            0x000000000080013e      0x645
                0x000000000080013e                PROVIDE (__bss_start = .)
 *(.bss)
 .bss           0x000000000080013e        0x0 c:/msys64/mingw64/bin/../lib/gcc/avr/12.2.0/../../../../avr/lib/avr5/crtatmega328p.o
 .bss           0x000000000080013e        0x0 main.o
 .bss           0x000000000080013e        0x0 components\usart.o
 .bss           0x000000000080013e        0x1 components\config.o
                0x000000000080013e                c_sreg
 .bss           0x000000000080013f       0x5e FreeRTOS\tasks.o
                0x000000000080013f                pxCurrentTCB
 .bss           0x000000000080019d        0x0 FreeRTOS\queue.o
 .bss           0x000000000080019d        0x0 FreeRTOS\list.o
 .bss           0x000000000080019d        0x0 FreeRTOS\port.o
 .bss           0x000000000080019d      0x5e0 FreeRTOS\heap_1.o
 .bss           0x000000000080077d        0x0 c:/msys64/mingw64/bin/../lib/gcc/avr/12.2.0/avr5\libgcc.a(_exit.o)
 .bss           0x000000000080077d        0x0 c:/msys64/mingw64/bin/../lib/gcc/avr/12.2.0/avr5\libgcc.a(_copy_data.o)
 .bss           0x000000000080077d        0x0 c:/msys64/mingw64/bin/../lib/gcc/avr/12.2.0/avr5\libgcc.a(_clear_bss.o)
 .bss           0x000000000080077d        0x0 c:/msys64/mingw64/bin/../lib/gcc/avr/12.2.0/../../../../avr/lib/avr5\libc.a(memcpy.o)
 .bss           0x000000000080077d        0x0 c:/msys64/mingw64/bin/../lib/gcc/avr/12.2.0/../../../../avr/lib/avr5\libc.a(iob.o)
 .bss           0x000000000080077d        0x0 c:/msys64/mingw64/bin/../lib/gcc/avr/12.2.0/../../../../avr/lib/avr5\libc.a(puts.o)
 *(.bss*)
 *(COMMON)
 COMMON         0x000000000080077d        0x6 c:/msys64/mingw64/bin/../lib/gcc/avr/12.2.0/../../../../avr/lib/avr5\libc.a(iob.o)
                0x000000000080077d                __iob
                0x0000000000800783                PROVIDE (__bss_end = .)
                0x00000000000028ec                __data_load_start = LOADADDR (.data)
                0x000000000000292a                __data_load_end = (__data_load_start + SIZEOF (.data))

.noinit         0x0000000000800783        0x0
                [!provide]                        PROVIDE (__noinit_start = .)
 *(.noinit .noinit.* .gnu.linkonce.n.*)
                [!provide]                        PROVIDE (__noinit_end = .)
                0x0000000000800783                _end = .
                [!provide]                        PROVIDE (__heap_start = .)

.eeprom         0x0000000000810000        0x0
 *(.eeprom*)
                0x0000000000810000                __eeprom_end = .

.fuse           0x0000000000820000        0x3
 *(.fuse)
 .fuse          0x0000000000820000        0x3 components\config.o
                0x0000000000820000                __fuse
 *(.lfuse)
 *(.hfuse)
 *(.efuse)

.lock
 *(.lock*)

.signature
 *(.signature*)

.stab
 *(.stab)

.stabstr
 *(.stabstr)

.stab.excl
 *(.stab.excl)

.stab.exclstr
 *(.stab.exclstr)

.stab.index
 *(.stab.index)

.stab.indexstr
 *(.stab.indexstr)

.comment        0x0000000000000000       0x23
 *(.comment)
 .comment       0x0000000000000000       0x12 main.o
                                         0x13 (size before relaxing)
 .comment       0x0000000000000012       0x13 components\usart.o
 .comment       0x0000000000000012       0x13 components\config.o
 .comment       0x0000000000000012       0x13 FreeRTOS\tasks.o
 .comment       0x0000000000000012       0x13 FreeRTOS\queue.o
 .comment       0x0000000000000012       0x13 FreeRTOS\list.o
 .comment       0x0000000000000012       0x13 FreeRTOS\port.o
 .comment       0x0000000000000012       0x13 FreeRTOS\heap_1.o
 .comment       0x0000000000000012       0x11 c:/msys64/mingw64/bin/../lib/gcc/avr/12.2.0/../../../../avr/lib/avr5\libc.a(iob.o)
                                         0x12 (size before relaxing)
 .comment       0x0000000000000023       0x12 c:/msys64/mingw64/bin/../lib/gcc/avr/12.2.0/../../../../avr/lib/avr5\libc.a(puts.o)

.note.gnu.avr.deviceinfo
                0x0000000000000000       0x40
 .note.gnu.avr.deviceinfo
                0x0000000000000000       0x40 c:/msys64/mingw64/bin/../lib/gcc/avr/12.2.0/../../../../avr/lib/avr5/crtatmega328p.o

.note.gnu.build-id
 *(.note.gnu.build-id)

.debug
 *(.debug)

.line
 *(.line)

.debug_srcinfo
 *(.debug_srcinfo)

.debug_sfnames
 *(.debug_sfnames)

.debug_aranges
 *(.debug_aranges)

.debug_pubnames
 *(.debug_pubnames)

.debug_info     0x0000000000000000      0x5f4
 *(.debug_info .gnu.linkonce.wi.*)
 .debug_info    0x0000000000000000      0x5f4 c:/msys64/mingw64/bin/../lib/gcc/avr/12.2.0/../../../../avr/lib/avr5/crtatmega328p.o

.debug_abbrev   0x0000000000000000      0x5a2
 *(.debug_abbrev)
 .debug_abbrev  0x0000000000000000      0x5a2 c:/msys64/mingw64/bin/../lib/gcc/avr/12.2.0/../../../../avr/lib/avr5/crtatmega328p.o

.debug_line     0x0000000000000000       0x1d
 *(.debug_line .debug_line.* .debug_line_end)
 .debug_line    0x0000000000000000       0x1d c:/msys64/mingw64/bin/../lib/gcc/avr/12.2.0/../../../../avr/lib/avr5/crtatmega328p.o

.debug_frame
 *(.debug_frame)

.debug_str      0x0000000000000000      0x208
 *(.debug_str)
 .debug_str     0x0000000000000000      0x208 c:/msys64/mingw64/bin/../lib/gcc/avr/12.2.0/../../../../avr/lib/avr5/crtatmega328p.o

.debug_loc
 *(.debug_loc)

.debug_macinfo
 *(.debug_macinfo)

.debug_weaknames
 *(.debug_weaknames)

.debug_funcnames
 *(.debug_funcnames)

.debug_typenames
 *(.debug_typenames)

.debug_varnames
 *(.debug_varnames)

.debug_pubtypes
 *(.debug_pubtypes)

.debug_ranges
 *(.debug_ranges)

.debug_addr
 *(.debug_addr)

.debug_line_str
 *(.debug_line_str)

.debug_loclists
 *(.debug_loclists)

.debug_macro
 *(.debug_macro)

.debug_names
 *(.debug_names)

.debug_rnglists
 *(.debug_rnglists)

.debug_str_offsets
 *(.debug_str_offsets)

.debug_sup
 *(.debug_sup)
OUTPUT(build\project.elf elf32-avr)
LOAD linker stubs

Cross Reference Table

Symbol                                            File
__FUSE_REGION_LENGTH__                            c:/msys64/mingw64/bin/../lib/gcc/avr/12.2.0/../../../../avr/lib/avr5/crtatmega328p.o
__bad_interrupt                                   c:/msys64/mingw64/bin/../lib/gcc/avr/12.2.0/../../../../avr/lib/avr5/crtatmega328p.o
__bss_end                                         c:/msys64/mingw64/bin/../lib/gcc/avr/12.2.0/avr5\libgcc.a(_clear_bss.o)
__bss_start                                       c:/msys64/mingw64/bin/../lib/gcc/avr/12.2.0/avr5\libgcc.a(_clear_bss.o)
__data_end                                        c:/msys64/mingw64/bin/../lib/gcc/avr/12.2.0/avr5\libgcc.a(_copy_data.o)
__data_load_start                                 c:/msys64/mingw64/bin/../lib/gcc/avr/12.2.0/avr5\libgcc.a(_copy_data.o)
__data_start                                      c:/msys64/mingw64/bin/../lib/gcc/avr/12.2.0/avr5\libgcc.a(_copy_data.o)
__do_clear_bss                                    c:/msys64/mingw64/bin/../lib/gcc/avr/12.2.0/avr5\libgcc.a(_clear_bss.o)
                                                  c:/msys64/mingw64/bin/../lib/gcc/avr/12.2.0/../../../../avr/lib/avr5\libc.a(iob.o)
                                                  FreeRTOS\heap_1.o
                                                  FreeRTOS\tasks.o
                                                  components\config.o
__do_copy_data                                    c:/msys64/mingw64/bin/../lib/gcc/avr/12.2.0/avr5\libgcc.a(_copy_data.o)
                                                  FreeRTOS\tasks.o
                                                  components\usart.o
                                                  main.o
__fuse                                            components\config.o
__heap_end                                        c:/msys64/mingw64/bin/../lib/gcc/avr/12.2.0/../../../../avr/lib/avr5/crtatmega328p.o
__init                                            c:/msys64/mingw64/bin/../lib/gcc/avr/12.2.0/../../../../avr/lib/avr5/crtatmega328p.o
__iob                                             c:/msys64/mingw64/bin/../lib/gcc/avr/12.2.0/../../../../avr/lib/avr5\libc.a(iob.o)
                                                  c:/msys64/mingw64/bin/../lib/gcc/avr/12.2.0/../../../../avr/lib/avr5\libc.a(puts.o)
                                                  components\usart.o
__stack                                           c:/msys64/mingw64/bin/../lib/gcc/avr/12.2.0/../../../../avr/lib/avr5/crtatmega328p.o
__vector_1                                        c:/msys64/mingw64/bin/../lib/gcc/avr/12.2.0/../../../../avr/lib/avr5/crtatmega328p.o
__vector_10                                       c:/msys64/mingw64/bin/../lib/gcc/avr/12.2.0/../../../../avr/lib/avr5/crtatmega328p.o
__vector_11                                       c:/msys64/mingw64/bin/../lib/gcc/avr/12.2.0/../../../../avr/lib/avr5/crtatmega328p.o
__vector_12                                       c:/msys64/mingw64/bin/../lib/gcc/avr/12.2.0/../../../../avr/lib/avr5/crtatmega328p.o
__vector_13                                       c:/msys64/mingw64/bin/../lib/gcc/avr/12.2.0/../../../../avr/lib/avr5/crtatmega328p.o
__vector_14                                       FreeRTOS\port.o
                                                  c:/msys64/mingw64/bin/../lib/gcc/avr/12.2.0/../../../../avr/lib/avr5/crtatmega328p.o
__vector_15                                       c:/msys64/mingw64/bin/../lib/gcc/avr/12.2.0/../../../../avr/lib/avr5/crtatmega328p.o
__vector_16                                       c:/msys64/mingw64/bin/../lib/gcc/avr/12.2.0/../../../../avr/lib/avr5/crtatmega328p.o
__vector_17                                       c:/msys64/mingw64/bin/../lib/gcc/avr/12.2.0/../../../../avr/lib/avr5/crtatmega328p.o
__vector_18                                       c:/msys64/mingw64/bin/../lib/gcc/avr/12.2.0/../../../../avr/lib/avr5/crtatmega328p.o
__vector_19                                       c:/msys64/mingw64/bin/../lib/gcc/avr/12.2.0/../../../../avr/lib/avr5/crtatmega328p.o
__vector_2                                        c:/msys64/mingw64/bin/../lib/gcc/avr/12.2.0/../../../../avr/lib/avr5/crtatmega328p.o
__vector_20                                       c:/msys64/mingw64/bin/../lib/gcc/avr/12.2.0/../../../../avr/lib/avr5/crtatmega328p.o
__vector_21                                       c:/msys64/mingw64/bin/../lib/gcc/avr/12.2.0/../../../../avr/lib/avr5/crtatmega328p.o
__vector_22                                       c:/msys64/mingw64/bin/../lib/gcc/avr/12.2.0/../../../../avr/lib/avr5/crtatmega328p.o
__vector_23                                       c:/msys64/mingw64/bin/../lib/gcc/avr/12.2.0/../../../../avr/lib/avr5/crtatmega328p.o
__vector_24                                       c:/msys64/mingw64/bin/../lib/gcc/avr/12.2.0/../../../../avr/lib/avr5/crtatmega328p.o
__vector_25                                       c:/msys64/mingw64/bin/../lib/gcc/avr/12.2.0/../../../../avr/lib/avr5/crtatmega328p.o
__vector_3                                        c:/msys64/mingw64/bin/../lib/gcc/avr/12.2.0/../../../../avr/lib/avr5/crtatmega328p.o
__vector_4                                        c:/msys64/mingw64/bin/../lib/gcc/avr/12.2.0/../../../../avr/lib/avr5/crtatmega328p.o
__vector_5                                        c:/msys64/mingw64/bin/../lib/gcc/avr/12.2.0/../../../../avr/lib/avr5/crtatmega328p.o
__vector_6                                        c:/msys64/mingw64/bin/../lib/gcc/avr/12.2.0/../../../../avr/lib/avr5/crtatmega328p.o
__vector_7                                        c:/msys64/mingw64/bin/../lib/gcc/avr/12.2.0/../../../../avr/lib/avr5/crtatmega328p.o
__vector_8                                        c:/msys64/mingw64/bin/../lib/gcc/avr/12.2.0/../../../../avr/lib/avr5/crtatmega328p.o
__vector_9                                        c:/msys64/mingw64/bin/../lib/gcc/avr/12.2.0/../../../../avr/lib/avr5/crtatmega328p.o
__vector_default                                  c:/msys64/mingw64/bin/../lib/gcc/avr/12.2.0/../../../../avr/lib/avr5/crtatmega328p.o
__vectors                                         c:/msys64/mingw64/bin/../lib/gcc/avr/12.2.0/../../../../avr/lib/avr5/crtatmega328p.o
_exit                                             c:/msys64/mingw64/bin/../lib/gcc/avr/12.2.0/avr5\libgcc.a(_exit.o)
c_sreg                                            components\config.o
exit                                              c:/msys64/mingw64/bin/../lib/gcc/avr/12.2.0/avr5\libgcc.a(_exit.o)
                                                  c:/msys64/mingw64/bin/../lib/gcc/avr/12.2.0/../../../../avr/lib/avr5/crtatmega328p.o
global_interrupts_init                            components\config.o
interrupts_cli                                    components\config.o
interrupts_sei                                    components\config.o
led_init                                          components\config.o
                                                  main.o
led_togle                                         components\config.o
                                                  main.o
main                                              main.o
                                                  c:/msys64/mingw64/bin/../lib/gcc/avr/12.2.0/../../../../avr/lib/avr5/crtatmega328p.o
memcpy                                            c:/msys64/mingw64/bin/../lib/gcc/avr/12.2.0/../../../../avr/lib/avr5\libc.a(memcpy.o)
                                                  FreeRTOS\queue.o
pcTaskGetName                                     FreeRTOS\tasks.o
puts                                              c:/msys64/mingw64/bin/../lib/gcc/avr/12.2.0/../../../../avr/lib/avr5\libc.a(puts.o)
                                                  main.o
pvPortMalloc                                      FreeRTOS\heap_1.o
                                                  FreeRTOS\queue.o
                                                  FreeRTOS\tasks.o
pxCurrentTCB                                      FreeRTOS\tasks.o
                                                  FreeRTOS\port.o
pxPortInitialiseStack                             FreeRTOS\port.o
                                                  FreeRTOS\tasks.o
ulTaskGenericNotifyTake                           FreeRTOS\tasks.o
ulTaskGenericNotifyValueClear                     FreeRTOS\tasks.o
usart_init                                        components\usart.o
                                                  main.o
usart_printf                                      components\usart.o
usart_transmit_byte                               components\usart.o
usart_transmit_data                               components\usart.o
uxListRemove                                      FreeRTOS\list.o
                                                  FreeRTOS\tasks.o
uxQueueMessagesWaiting                            FreeRTOS\queue.o
uxQueueMessagesWaitingFromISR                     FreeRTOS\queue.o
uxQueueSpacesAvailable                            FreeRTOS\queue.o
uxTaskGetNumberOfTasks                            FreeRTOS\tasks.o
                                                  FreeRTOS\queue.o
uxTaskResetEventItemValue                         FreeRTOS\tasks.o
uxTopUsedPriority                                 FreeRTOS\tasks.o
vApplicationIdleHook                              main.o
                                                  FreeRTOS\tasks.o
vListInitialise                                   FreeRTOS\list.o
                                                  FreeRTOS\queue.o
                                                  FreeRTOS\tasks.o
vListInitialiseItem                               FreeRTOS\list.o
                                                  FreeRTOS\tasks.o
vListInsert                                       FreeRTOS\list.o
                                                  FreeRTOS\tasks.o
vListInsertEnd                                    FreeRTOS\list.o
                                                  FreeRTOS\tasks.o
vPortEndScheduler                                 FreeRTOS\port.o
                                                  FreeRTOS\tasks.o
vPortFree                                         FreeRTOS\heap_1.o
                                                  FreeRTOS\queue.o
                                                  FreeRTOS\tasks.o
vPortInitialiseBlocks                             FreeRTOS\heap_1.o
vPortYield                                        FreeRTOS\port.o
                                                  FreeRTOS\queue.o
                                                  FreeRTOS\tasks.o
vPortYieldFromTick                                FreeRTOS\port.o
vQueueDelete                                      FreeRTOS\queue.o
vTaskDelay                                        FreeRTOS\tasks.o
                                                  main.o
vTaskDelete                                       FreeRTOS\tasks.o
vTaskEndScheduler                                 FreeRTOS\tasks.o
vTaskGenericNotifyGiveFromISR                     FreeRTOS\tasks.o
vTaskInternalSetTimeOutState                      FreeRTOS\tasks.o
                                                  FreeRTOS\queue.o
vTaskMissedYield                                  FreeRTOS\tasks.o
                                                  FreeRTOS\queue.o
vTaskPlaceOnEventList                             FreeRTOS\tasks.o
                                                  FreeRTOS\queue.o
vTaskPlaceOnUnorderedEventList                    FreeRTOS\tasks.o
vTaskRemoveFromUnorderedEventList                 FreeRTOS\tasks.o
vTaskSetTimeOutState                              FreeRTOS\tasks.o
vTaskStartScheduler                               FreeRTOS\tasks.o
                                                  main.o
vTaskSuspendAll                                   FreeRTOS\tasks.o
                                                  FreeRTOS\heap_1.o
                                                  FreeRTOS\queue.o
vTaskSwitchContext                                FreeRTOS\tasks.o
                                                  FreeRTOS\port.o
xPortGetFreeHeapSize                              FreeRTOS\heap_1.o
xPortStartScheduler                               FreeRTOS\port.o
                                                  FreeRTOS\tasks.o
xQueueGenericCreate                               FreeRTOS\queue.o
xQueueGenericReset                                FreeRTOS\queue.o
xQueueGenericSend                                 FreeRTOS\queue.o
xQueueGenericSendFromISR                          FreeRTOS\queue.o
xQueueGiveFromISR                                 FreeRTOS\queue.o
xQueueIsQueueEmptyFromISR                         FreeRTOS\queue.o
xQueueIsQueueFullFromISR                          FreeRTOS\queue.o
xQueuePeek                                        FreeRTOS\queue.o
xQueuePeekFromISR                                 FreeRTOS\queue.o
xQueueReceive                                     FreeRTOS\queue.o
xQueueReceiveFromISR                              FreeRTOS\queue.o
xQueueSemaphoreTake                               FreeRTOS\queue.o
xTaskCatchUpTicks                                 FreeRTOS\tasks.o
xTaskCheckForTimeOut                              FreeRTOS\tasks.o
                                                  FreeRTOS\queue.o
xTaskCreate                                       FreeRTOS\tasks.o
                                                  main.o
xTaskDelayUntil                                   FreeRTOS\tasks.o
xTaskGenericNotify                                FreeRTOS\tasks.o
xTaskGenericNotifyFromISR                         FreeRTOS\tasks.o
xTaskGenericNotifyStateClear                      FreeRTOS\tasks.o
xTaskGenericNotifyWait                            FreeRTOS\tasks.o
xTaskGetCurrentTaskHandle                         FreeRTOS\tasks.o
xTaskGetTickCount                                 FreeRTOS\tasks.o
xTaskGetTickCountFromISR                          FreeRTOS\tasks.o
xTaskIncrementTick                                FreeRTOS\tasks.o
                                                  FreeRTOS\port.o
xTaskRemoveFromEventList                          FreeRTOS\tasks.o
                                                  FreeRTOS\queue.o
xTaskResumeAll                                    FreeRTOS\tasks.o
                                                  FreeRTOS\heap_1.o
                                                  FreeRTOS\queue.o
